it should match the snapshot (custom):
  1: |
    apiVersion: v1
    data:
      tbot.yaml: |
        outputs:
        - destination:
            path: /fuzz
            type: magic
          type: bar
        - destination:
            path: /buzz
            type: magic
          type: bar
        xyzzy: foo
        yxzyy: 17
    kind: ConfigMap
    metadata:
      name: RELEASE-NAME
      namespace: NAMESPACE
should match the snapshot (full):
  1: |
    apiVersion: v1
    data:
      tbot.yaml: |
        version: v2
        auth_server: my-auth:3024
        onboarding:
          join_method: modified-join-method
          token: my-token
        storage:
          type: memory
        outputs:
          - type: identity
            destination:
              type: kubernetes-secret
              name: test-output
          - app_name: foo
            destination:
              path: /bar
              type: directory
            type: application
        services:
          - param: boo
            type: example-service
    kind: ConfigMap
    metadata:
      annotations:
        test-key: test-annotation-config
      labels:
        test-key: test-label-config
      name: RELEASE-NAME
      namespace: NAMESPACE
should match the snapshot (simple):
  1: |
    apiVersion: v1
    data:
      tbot.yaml: |
        version: v2
        proxy_server: test.teleport.sh:443
        onboarding:
          join_method: kubernetes
          token: my-token
        storage:
          type: memory
        outputs:
          - type: identity
            destination:
              type: kubernetes-secret
              name: test-output
    kind: ConfigMap
    metadata:
      name: RELEASE-NAME
      namespace: NAMESPACE
